<html>
<body>
<pre>
<h1>µVision Build Log</h1>
<h2>Tool Versions:</h2>
IDE-Version: •ÏVision V5.25.2.0
Copyright (C) 2018 ARM Ltd and ARM Germany GmbH. All rights reserved.
License Information: sido moon, smartlogic, LIC=42BVE-59XSG-4JX6X-HPT9H-MJ3C3-7Y6MK
 
Tool Versions:
Toolchain:       MDK-ARM Basic (256K)  Version: 5.25.2.0
Toolchain Path:  C:\Keil_v5\ARM\ARMCC\Bin
C Compiler:      Armcc.exe V5.06 update 6 (build 750)
Assembler:       Armasm.exe V5.06 update 6 (build 750)
Linker/Locator:  ArmLink.exe V5.06 update 6 (build 750)
Library Manager: ArmAr.exe V5.06 update 6 (build 750)
Hex Converter:   FromElf.exe V5.06 update 6 (build 750)
CPU DLL:         SARMCM3.DLL V5.25.2.0
Dialog DLL:      DARMCM1.DLL V1.19.1.0
Target DLL:      STLink\ST-LINKIII-KEIL_SWO.dll V3.0.1.0
Dialog DLL:      TARMCM1.DLL V1.14.0.0
 
<h2>Project:</h2>
D:\work\smartlogic\si4463_test\dev_f0_rx\si446x_f0_rx\MDK-ARM\si446x_f0_rx.uvprojx
Project File Date:  08/09/2018

<h2>Output:</h2>
*** Using Compiler 'V5.06 update 6 (build 750)', folder: 'C:\Keil_v5\ARM\ARMCC\Bin'
Build target 'si446x_f0_rx'
compiling stm32f0xx_it.c...
compiling main.c...
compiling stm32f0xx_hal_msp.c...
compiling stm32f0xx_hal_spi_ex.c...
compiling stm32f0xx_hal_tim.c...
compiling stm32f0xx_hal_spi.c...
compiling stm32f0xx_hal_tim_ex.c...
compiling stm32f0xx_hal_uart.c...
compiling stm32f0xx_hal_uart_ex.c...
compiling stm32f0xx_hal_rcc.c...
compiling stm32f0xx_hal_rcc_ex.c...
compiling stm32f0xx_hal.c...
compiling stm32f0xx_hal_i2c_ex.c...
compiling stm32f0xx_hal_gpio.c...
compiling stm32f0xx_hal_i2c.c...
compiling stm32f0xx_hal_dma.c...
compiling stm32f0xx_hal_cortex.c...
compiling stm32f0xx_hal_pwr.c...
compiling stm32f0xx_hal_pwr_ex.c...
compiling stm32f0xx_hal_flash.c...
compiling stm32f0xx_hal_flash_ex.c...
compiling system_stm32f0xx.c...
compiling radio_comm.c...
compiling radio.c...
..\Src\radio.c(101): warning:  #177-D: variable "lCnt"  was declared but never referenced
    U8 lCnt;
..\Src\radio.c: 1 warning, 0 errors
compiling radio_hal.c...
compiling si446x_api_lib.c...
linking...
Program Size: Code=7188 RO-data=516 RW-data=20 ZI-data=1732  
FromELF: creating hex file...
"si446x_f0_rx\si446x_f0_rx.axf" - 0 Error(s), 1 Warning(s).

<h2>Software Packages used:</h2>

Package Vendor: ARM
                http://www.keil.com/pack/ARM.CMSIS.5.3.0.pack
                ARM.CMSIS.5.3.0
                CMSIS (Cortex Microcontroller Software Interface Standard)
   * Component: CORE Version: 5.1.1

Package Vendor: Keil
                http://www.keil.com/pack/Keil.STM32F0xx_DFP.2.0.0.pack
                Keil.STM32F0xx_DFP.2.0.0
                STMicroelectronics STM32F0 Series Device Support, Drivers and Examples

<h2>Collection of Component include folders:</h2>
  .\RTE\_si446x_f0_rx
  C:\Keil_v5\ARM\PACK\ARM\CMSIS\5.3.0\CMSIS\Include
  C:\Keil_v5\ARM\PACK\Keil\STM32F0xx_DFP\2.0.0\Drivers\CMSIS\Device\ST\STM32F0xx\Include

<h2>Collection of Component Files used:</h2>

   * Component: ARM::CMSIS:CORE:5.1.1
Build Time Elapsed:  00:00:08
</pre>
</body>
</html>
